Microchip MPLAB XC8 PIC(R) Assembler V2.46

Linker command line:

-W-3 \
  --edf=C:\Program Files\Microchip\xc8\v2.46\pic\dat\20240104201356_en.msgs \
  -cs -h+dist/default/production\demo2.X.production.sym \
  --cmf=dist/default/production\demo2.X.production.cmf -z -Q16F84A \
  -oC:\Users\kuovi\AppData\Local\Temp\xcAso1c.\driver_tmp_3.o -pPor_Vec=0h \
  -pIsr_Vec=4h --fixupoverflow=error -ver=XC8 PIC(R) Assembler \
  --fixupoverflow=lstwarn -Mdist/default/production/demo2.X.production.map \
  -E1 --acfsm=1493 -ACODE=00h-03FFh -ASTRCODE=00h-03FFh -ASTRING=00h-0FFhx4 \
  -ACONST=00h-0FFhx4 -AENTRY=00h-0FFhx4 -ABANK0=0Ch-04Dh -ARAM=0Ch-04Dh \
  -AABS1=0Ch-04Fh -ACOMMON=04Eh-04Fh -ASFR0=00h-0Bh -ASFR1=080h-0CDh \
  -ACONFIG=02007h-02007h -DCONFIG=2 -AIDLOC=02000h-02003h -DIDLOC=2 \
  -AEEDATA=00h-03Fh/02100h -DEEDATA=2 -DCODE=2 -DSTRCODE=2 -DSTRING=2 \
  -DCONST=2 -DENTRY=2 build/default/production/mian2.o 

Object code version is 3.11

Machine type is 16F84A



                Name                               Link     Load   Length Selector   Space Scale
build/default/production/mian2.o
                config                             2007     2007        1        0       4
                MainCode                              5        5       12        8       0
                Isr_Vec                               4        4        1        8       0
                Por_Vec                               0        0        1        0       0

TOTAL           Name                               Link     Load   Length     Space
        CLASS   CODE           
                MainCode                              5        5       12         0
                Isr_Vec                               4        4        1         0
                Por_Vec                               0        0        1         0

        CLASS   STRCODE        

        CLASS   STRING         

        CLASS   CONST          

        CLASS   ENTRY          

        CLASS   BANK0          

        CLASS   RAM            

        CLASS   ABS1           

        CLASS   COMMON         

        CLASS   SFR0           

        CLASS   SFR1           

        CLASS   CONFIG         
                config                             2007     2007        1         4

        CLASS   IDLOC          

        CLASS   EEDATA         



SEGMENTS        Name                           Load    Length   Top    Selector   Space  Class     Delta

                Por_Vec                        000000  000001  000001         0       0  CODE        2
                Isr_Vec                        000004  000013  000017         8       0  CODE        2


UNUSED ADDRESS RANGES

        Name                Unused          Largest block    Delta
        BANK0            000C-004D             42           1
        CODE             0001-0003              3           2
                         0017-03FF            3E9
        COMMON           004E-004F              2           1
        CONST            0001-0003              3           2
                         0017-03FF            100
        EEDATA           2100-213F             40           2
        ENTRY            0001-0003              3           2
                         0017-03FF            100
        IDLOC            2000-2003              4           2
        RAM              000C-004D             42           1
        SFR0             0002-0007              6           1
        SFR1             0080-00CD             4E           1
        STRCODE          0001-0003              3           2
                         0017-03FF            3E9
        STRING           0001-0003              3           2
                         0017-03FF            100

                                  Symbol Table

__HIsr_Vec      Isr_Vec      0005  __HMainCode     MainCode     000A
__HPor_Vec      Por_Vec      0001  __H__absolute__ __absolute__ 0000
__Hcode         code         000A  __Hconfig       config       2008
__Hdata         data         000A  __Hedata        edata        000A
__Hspace_0      (abs)        0017  __Hspace_1      (abs)        0000
__Hspace_3      (abs)        0000  __Hspace_4      (abs)        400F
__Hudata        udata        000A  __Hudata_bank0  udata_bank0  000A
__LIsr_Vec      Isr_Vec      0004  __LMainCode     MainCode     000A
__LPor_Vec      Por_Vec      0000  __L__absolute__ __absolute__ 0000
__Lcode         code         000A  __Lconfig       config       0000
__Ldata         data         000A  __Ledata        edata        000A
__Lspace_0      (abs)        0000  __Lspace_1      (abs)        0000
__Lspace_3      (abs)        0000  __Lspace_4      (abs)        0000
__Ludata        udata        000A  __Ludata_bank0  udata_bank0  000A
__S0            (abs)        0017  __S1            (abs)        0000
__S3            (abs)        0000  resetVec        Por_Vec      0000
